[www.rodesk.com/index.html]
[backblue.gif]
[fade.gif]
[index.html]
[www.rodesk.com/app/assets/rodesk.jpg]
[www.rodesk.com/feed/index.html]
[www.rodesk.com/assets/styles/style-94de7dceaf5152.css]
[www.rodesk.com/assets/scripts/modernizr-custom.js]
[www.rodesk.com/assets/images/favicons/apple-touch-icon-57x57.png]
[www.rodesk.com/assets/images/favicons/apple-touch-icon-60x60.png]
[www.rodesk.com/assets/images/favicons/apple-touch-icon-72x72.png]
[www.rodesk.com/assets/images/favicons/apple-touch-icon-76x76.png]
[www.rodesk.com/assets/images/favicons/apple-touch-icon-114x114.png]
[www.rodesk.com/assets/images/favicons/apple-touch-icon-120x120.png]
[www.rodesk.com/assets/images/favicons/apple-touch-icon-144x144.png]
[www.rodesk.com/assets/images/favicons/apple-touch-icon-152x152.png]
[www.rodesk.com/assets/images/favicons/apple-touch-icon-180x180.png]
[www.rodesk.com/assets/images/favicons/favicon-32x32.png]
[www.rodesk.com/assets/images/favicons/favicon-194x194.png]
[www.rodesk.com/assets/images/favicons/favicon-96x96.png]
[www.rodesk.com/assets/images/favicons/android-chrome-192x192.png]
[www.rodesk.com/assets/images/favicons/favicon-16x16.png]
[www.rodesk.com/manifest.json]
[www.rodesk.com/culture/index.html]
[www.rodesk.com/assets/scripts/jquery-e735354d9ba4e6.js]
[www.rodesk.com/index.html]
[www.rodesk.com/feed/index.html]
[www.rodesk.com/approach/index.html]
[www.rodesk.com/cases/index.html]
[www.rodesk.com/people/index.html]
[www.rodesk.com/jobs/index.html]
[www.rodesk.com/journal/index.html]
[www.rodesk.com/contact/index.html]
[www.rodesk.com/assets/images/assets.png]
[www.rodesk.com/assets/styles/style-94de7dceaf5152.css]
[www.rodesk.com/assets/images/favicons/pinned_icon.svg]
[www.rodesk.com/cases/service-design-network/index.html]
[www.rodesk.com/cases/jumbo-position-list/index.html]
[www.rodesk.com/cases/bloc/index.html]
[www.rodesk.com/assets/styles/print-76eac31bbd5152.css]
[www.rodesk.com/cases/dutch-windwheel/index.html]
[www.rodesk.com/assets/styles/style-ie-2124653c755152.css]
[www.rodesk.com/cases/vakantieboulevard/index.html]
[www.rodesk.com/cases/anewspring/index.html]
[www.rodesk.com/app/assets/rodesk-culture-ping-pong-2.jpg]
[www.rodesk.com/people/jasper-rooduijn/index.html]
[www.rodesk.com/journal/how-we-finally-released-the-new-rodesk/index.html]
[www.rodesk.com/culture/index.html]
[www.rodesk.com/journal/emo-commerce-conversion-vs-experience/index.html]
[www.rodesk.com/approach/index.html]
[www.rodesk.com/journal/awwwards-jury-2013/index.html]
[www.rodesk.com/app/assets/case.jpg]
[www.rodesk.com/cases/index.html]
[www.rodesk.com/journal/overseased-lax-to-rtm/index.html]
[www.rodesk.com/manifesto/index.html]
[www.rodesk.com/app/assets/journal.jpg]
[www.rodesk.com/journal/index.html]
[www.rodesk.com/people/index.html]
[www.rodesk.com/people/laurens-boex/index.html]
[www.rodesk.com/people/jasper-vanorden/index.html]
[www.rodesk.com/disclaimer/index.html]
[www.rodesk.com/jobs/index.html]
[www.rodesk.com/people/jonathan-reijneveld/index.html]
[www.rodesk.com/people/robin-rodesk/index.html]
[www.rodesk.com/contact/index.html]
[www.rodesk.com/app/assets/rodesk-rotterdam-creative-factory-map.jpg]
[www.rodesk.com/assets/images/logo.svg]
[www.rodesk.com/jobs/ux-designer-fulltime/index.html]
[www.rodesk.com/jobs/frontend-developer/index.html]
[www.rodesk.com/jobs/backend-developer/index.html]
[www.rodesk.com/journal/persuasive-design-profiling/index.html]
[www.rodesk.com/assets/images/rodesk-sdn-video.jpg]
[www.rodesk.com/assets/images/rodesk-sdn-profile.jpg]
[www.rodesk.com/assets/images/rodesk-sdn-article.jpg]
[www.rodesk.com/assets/images/rodesk-sdn-memberships.jpg]
[www.rodesk.com/assets/images/rodesk-sdn-3layers.png]
[www.rodesk.com/assets/images/rodesk-case-happy-people.jpg]
[www.rodesk.com/cases/service-design-network/index.html]
[www.rodesk.com/app/assets/img-jumbo-visual.jpg]
[www.rodesk.com/assets/images/rodesk-jumbo-ipad.jpg]
[www.rodesk.com/assets/images/rodesk-jumbo-thankyou.jpg]
[www.rodesk.com/assets/images/rodesk-jumbo-posistionlist.jpg]
[www.rodesk.com/assets/images/rodesk-jumbo-3layers.png]
[www.rodesk.com/cases/jumbo-position-list/index.html]
[www.rodesk.com/app/assets/Rodesk-bloc-studio-1.jpg]
[www.rodesk.com/assets/images/rodesk-bloc-journal.png]
[www.rodesk.com/assets/images/rodesk-bloc-assets.jpg]
[www.rodesk.com/assets/images/rodesk-bloc-menu.jpg]
[www.rodesk.com/assets/images/rodesk-bloc-website.jpg]
[www.rodesk.com/assets/images/rodesk-bloc-works.jpg]
[www.rodesk.com/assets/images/rodesk-bloc-3-layers.png]
[www.rodesk.com/cases/bloc/index.html]
[www.rodesk.com/assets/images/rodesk-dutchwhindwheel-home-mobile.png]
[www.rodesk.com/assets/images/rodesk-dutchwhindwheel-assets.png]
[www.rodesk.com/assets/images/rodesk-dutchwhindwheel-ipad.jpg]
[www.rodesk.com/assets/images/rodesk-dutchwhindwheel-imac.jpg]
[www.rodesk.com/assets/images/rodesk-dutchwhindwheel-homepage.jpg]
[www.rodesk.com/cases/dutch-windwheel/index.html]
[www.rodesk.com/assets/images/rodesk-dutchwhindwheel-3layers.png]
[www.rodesk.com/app/assets/rodesk-vakantieboulevard.jpg]
[www.rodesk.com/assets/images/rodesk-vakantieboulevard-etalage.png]
[www.rodesk.com/assets/images/rodesk-vakantieboulevard-assets.jpg]
[www.rodesk.com/assets/images/rodesk-vakantieboulevard-etalage-mobiel.jpg]
[www.rodesk.com/assets/images/rodesk-vakantieboulevard-blogpost.jpg]
[www.rodesk.com/assets/images/rodesk-vakantieboulevard-website.jpg]
[www.rodesk.com/assets/images/rodesk-vakantieboulevard-avontuurlijke-reizen.jpg]
[www.rodesk.com/assets/images/rodesk-vakantieboulevard-3-layers.png]
[www.rodesk.com/cases/vakantieboulevard/index.html]
[www.rodesk.com/app/assets/rodesk-a-newspring-e-learning.jpg]
[www.rodesk.com/assets/images/rodesk-anewspring-ipad.png]
[www.rodesk.com/assets/images/rodesk-anewspring-assets.png]
[www.rodesk.com/assets/images/rodesk-anewspring-dashboard.jpg]
[www.rodesk.com/assets/images/rodesk-anewspring-trainingscroll.jpg]
[www.rodesk.com/assets/images/rodesk-anewspring-angle.jpg]
[www.rodesk.com/assets/images/rodesk-anewspring-trainingoverview.jpg]
[www.rodesk.com/assets/images/rodesk-anewspring-3layers.png]
[www.rodesk.com/cases/anewspring/index.html]
[www.rodesk.com/people/jasper-rooduijn/index.html]
[www.rodesk.com/journal/how-we-finally-released-the-new-rodesk/index.html]
[www.rodesk.com/app/assets/rodesk-website-live.jpg]
[www.rodesk.com/app/assets/rodesk-emo-commerce-1.jpg]
[www.rodesk.com/journal/emo-commerce-conversion-vs-experience/index.html]
[www.rodesk.com/journal/digital-service-design/index.html]
[www.rodesk.com/app/assets/jasper-van-orden-awwwards-jury.jpg]
[www.rodesk.com/journal/awwwards-jury-2013/index.html]
[www.rodesk.com/app/assets/rodesk-grassroots.jpg]
[www.rodesk.com/journal/overseased-lax-to-rtm/index.html]
[www.rodesk.com/manifesto/index.html]
[www.rodesk.com/disclaimer/index.html]
[www.rodesk.com/assets/images/assets.svg]
[www.rodesk.com/assets/styles/print-76eac31bbd5152.css]
[www.rodesk.com/assets/styles/style-ie-2124653c755152.css]
[www.rodesk.com/assets/images/logo-footer.svg]
[www.rodesk.com/people/laurens-boex/index.html]
[www.rodesk.com/people/jasper-vanorden/index.html]
[www.rodesk.com/people/jonathan-reijneveld/index.html]
[www.rodesk.com/app/assets/rodesk-disclaimer-1.jpg]
[www.rodesk.com/people/robin-rodesk/index.html]
[www.rodesk.com/assets/scripts/main-3fc69843a3.js]
[www.rodesk.com/people/bart-vanderwaerden/index.html]
[www.rodesk.com/people/jurgen-oldenburg/index.html]
[www.rodesk.com/jobs/ux-designer-fulltime/index.html]
[www.rodesk.com/app/assets/rodesk-ux-designer-application.jpg]
[www.rodesk.com/jobs/frontend-developer/index.html]
[www.rodesk.com/jobs/backend-developer/index.html]
[www.rodesk.com/journal/persuasive-design-profiling/index.html]
[www.rodesk.com/assets/images/logo-white.svg]
[www.rodesk.com/app/assets/rodesk-persuasive-design-1.jpg]
[www.rodesk.com/app/assets/job.jpeg]
[www.rodesk.com/app/assets/Pannorama-Case-40.jpg]
[www.rodesk.com/app/assets/rodesk-service-design-network.png]
[www.rodesk.com/assets/images/rodesk-sdn-logo.svg]
[www.rodesk.com/assets/images/rodesk-sdn-icons.svg]
[www.rodesk.com/assets/images/rodesk-jumbo-colorscheme.svg]
[www.rodesk.com/assets/images/rodesk-jumbo-assets.svg]
[www.rodesk.com/assets/images/rodesk-jumbo-ship.svg]
[www.rodesk.com/assets/images/rodesk-bloc-colorscheme.svg]
[www.rodesk.com/assets/images/rodesk-bloc-project.jpg]
[www.rodesk.com/assets/images/rodesk-dutchwhindwheel-colorscheme.svg]
[www.rodesk.com/assets/images/rodesk-vakantieboulevard-colorscheme.svg]
[www.rodesk.com/assets/images/rodesk-anewspring-colorscheme.svg]
[www.rodesk.com/journal/digital-service-design/index.html]
[www.rodesk.com/people/bart-vanderwaerden/index.html]
[www.rodesk.com/people/jurgen-oldenburg/index.html]
[www.rodesk.com/assets/images/rodesk-dutch-windwheel-website.jpg]
[www.rodesk.com/app/assets/rodesk-front-end-vacancy.jpg]
[www.rodesk.com/app/assets/rodesk-back-end-vacancy.jpg]
[www.rodesk.com/people/tom-harms/index.html]
[www.rodesk.com/assets/images/rodesk-sdn-colorscheme.svg]
[www.rodesk.com/people/tom-harms/index.html]
[www.rodesk.com/assets/images/rodesk-jumbo-angle.jpg]
[www.rodesk.com/jobs/ux-developer/index.html]
[www.rodesk.com/app/assets/rodesk-unsolicited-application-1.jpg]
[www.rodesk.com/jobs/ux-developer/index.html]
[www.rodesk.com/app/assets/dutch-windwheel-panorama.png]
[www.rodesk.com/app/assets/rodesk-lego-service-design.jpg]
